Microsoft Windows [Version 10.0.19044.2846]
(c) Microsoft Corporation. All rights reserved.

C:\Repo>git config --global http.proxy 192.168.10.4:808

C:\Repo>npm config set proxy http://192.168.10.4:808

C:\Repo>git clone https://github.com/lalit073/mySite.git
Cloning into 'mySite'...
remote: Enumerating objects: 3, done.
remote: Counting objects: 100% (3/3), done.
remote: Total 3 (delta 0), reused 0 (delta 0), pack-reused 0
Receiving objects: 100% (3/3), done.

C:\Repo>git status
fatal: not a git repository (or any of the parent directories): .git

C:\Repo>dir
 Volume in drive C has no label.
 Volume Serial Number is AE20-BF51

 Directory of C:\Repo

06-05-2023  18:38    <DIR>          .
06-05-2023  18:38    <DIR>          ..
06-05-2023  18:38    <DIR>          mySite
               0 File(s)              0 bytes
               3 Dir(s)  377,079,922,688 bytes free

C:\Repo>cd mySite

C:\Repo\mySite>git status
On branch main
Your branch is up to date with 'origin/main'.

nothing to commit, working tree clean

C:\Repo\mySite>
------------------------------------------------------------------------------------------
Microsoft Windows [Version 10.0.19044.2846]
(c) Microsoft Corporation. All rights reserved.

C:\Repo>dir
 Volume in drive C has no label.
 Volume Serial Number is AE20-BF51

 Directory of C:\Repo

08-05-2023  15:23    <DIR>          .
08-05-2023  15:23    <DIR>          ..
08-05-2023  15:24    <DIR>          first_repo
06-05-2023  19:43    <DIR>          mySite
               0 File(s)              0 bytes
               4 Dir(s)  378,186,166,272 bytes free

C:\Repo>cd first_repo

C:\Repo\first_repo>git config --global --unset
error: wrong number of arguments, should be from 1 to 2
usage: git config [<options>]

Config file location
    --global              use global config file
    --system              use system config file
    --local               use repository config file
    --worktree            use per-worktree config file
    -f, --file <file>     use given config file
    --blob <blob-id>      read config from given blob object

Action
    --get                 get value: name [value-pattern]
    --get-all             get all values: key [value-pattern]
    --get-regexp          get values for regexp: name-regex [value-pattern]
    --get-urlmatch        get value specific for the URL: section[.var] URL
    --replace-all         replace all matching variables: name value [value-pattern]
    --add                 add a new variable: name value
    --unset               remove a variable: name [value-pattern]
    --unset-all           remove all matches: name [value-pattern]
    --rename-section      rename section: old-name new-name
    --remove-section      remove a section: name
    -l, --list            list all
    --fixed-value         use string equality when comparing values to 'value-pattern'
    -e, --edit            open an editor
    --get-color           find the color configured: slot [default]
    --get-colorbool       find the color setting: slot [stdout-is-tty]

Type
    -t, --type <type>     value is given this type
    --bool                value is "true" or "false"
    --int                 value is decimal number
    --bool-or-int         value is --bool or --int
    --bool-or-str         value is --bool or string
    --path                value is a path (file or directory name)
    --expiry-date         value is an expiry date

Other
    -z, --null            terminate values with NUL byte
    --name-only           show variable names only
    --includes            respect include directives on lookup
    --show-origin         show origin of config (file, standard input, blob, command line)
    --show-scope          show scope of config (worktree, local, global, system, command)
    --default <value>     with --get, use default value when missing entry


C:\Repo\first_repo>git config --global user.email "thakrelalit73@gmail.com"

C:\Repo\first_repo>git config --global user.name "lalit073"

C:\Repo\first_repo>git config --list
diff.astextplain.textconv=astextplain
filter.lfs.clean=git-lfs clean -- %f
filter.lfs.smudge=git-lfs smudge -- %f
filter.lfs.process=git-lfs filter-process
filter.lfs.required=true
http.sslbackend=openssl
http.sslcainfo=C:/Program Files/Git/mingw64/etc/ssl/certs/ca-bundle.crt
core.autocrlf=true
core.fscache=true
core.symlinks=false
pull.rebase=false
credential.helper=manager
credential.https://dev.azure.com.usehttppath=true
init.defaultbranch=master
user.email=thakrelalit73@gmail.com
user.name=lalit073
http.proxy=192.168.10.4:808
core.repositoryformatversion=0
core.filemode=false
core.bare=false
core.logallrefupdates=true
core.symlinks=false
core.ignorecase=true
remote.origin.url=https://github.com/lalit073/first_repo.git
remote.origin.fetch=+refs/heads/*:refs/remotes/origin/*
branch.main.remote=origin
branch.main.merge=refs/heads/main

C:\Repo\first_repo>

C:\Repo\first_repo>

C:\Repo\first_repo>